// Jest Snapshot v1, https://goo.gl/fbAQLP

exports[`Tag Relation Create test cases should match snapshot 1`] = `null`;
