// Jest Snapshot v1, https://goo.gl/fbAQLP

exports[`Feature List test cases should match the snapshot 1`] = `
Array [
  <div
    className="MuiGrid-root MuiGrid-container MuiGrid-justify-xs-space-between"
  >
    <h5
      className="MuiTypography-root makeStyles-gridStyle-698 MuiTypography-h5"
      data-testid="associate_attribute"
    >
      associate_attribute
    </h5>
  </div>,
  <hr
    className="MuiDivider-root makeStyles-dividerStyle-712"
  />,
  <SimpleForm
    save={[Function]}
    toolbar={
      <CustomToolbar
        disabled={false}
        onClickCancel={[Function]}
        onClickSubmit={[Function]}
        saveButtonIcon={<React.Fragment />}
        saveButtonLabel="create"
      />
    }
  >
    <div
      className="MuiGrid-root MuiGrid-container"
    >
      <div
        className="MuiGrid-root MuiGrid-item MuiGrid-grid-xs-3"
      >
        <SelectInput
          choices={Array []}
          className="makeStyles-selectItem-674"
          data-testid="attribute_type"
          label="attribute_type"
          source="attributeType"
          validate={
            Array [
              true,
            ]
          }
        />
      </div>
      <div
        className="MuiGrid-root MuiGrid-item MuiGrid-grid-xs-3"
      >
        <TextInput
          className="makeStyles-textInputField-710"
          data-testid="attribute_name"
          label="attribute_name"
          source="attributeName"
          validate={
            Array [
              true,
            ]
          }
        />
      </div>
      <div
        className="MuiGrid-root MuiGrid-item MuiGrid-grid-xs-3"
      >
        <TextInput
          className="makeStyles-textInputField-710"
          data-testid="attribute_value"
          label="attribute_value"
          source="attributeValue"
          validate={
            Array [
              true,
            ]
          }
        />
      </div>
    </div>
    <div
      className="MuiGrid-root MuiGrid-container"
      data-testid="is_enabled"
    >
      <div
        className="MuiGrid-root MuiGrid-item MuiGrid-grid-xs-12"
      >
        <span
          className="MuiTypography-root MuiTypography-caption"
        >
          is_enabled
        </span>
      </div>
      <div
        className="MuiGrid-root MuiGrid-item MuiGrid-grid-xs-12"
      >
        <span
          className="MuiSwitch-root"
        >
          <span
            aria-disabled={false}
            className="MuiButtonBase-root MuiIconButton-root PrivateSwitchBase-root-774 MuiSwitch-switchBase PrivateSwitchBase-checked-775 Mui-checked"
            data-at-id="switch"
            onBlur={[Function]}
            onDragLeave={[Function]}
            onFocus={[Function]}
            onKeyDown={[Function]}
            onKeyUp={[Function]}
            onMouseDown={[Function]}
            onMouseLeave={[Function]}
            onMouseUp={[Function]}
            onTouchEnd={[Function]}
            onTouchMove={[Function]}
            onTouchStart={[Function]}
            tabIndex={null}
          >
            <span
              className="MuiIconButton-label"
            >
              <input
                checked={true}
                className="PrivateSwitchBase-input-777 MuiSwitch-input"
                onChange={[Function]}
                type="checkbox"
              />
              <span
                className="MuiSwitch-thumb"
              />
            </span>
          </span>
          <span
            className="MuiSwitch-track"
          />
        </span>
      </div>
    </div>
  </SimpleForm>,
]
`;
